Vx3DUfwˆ™ª»ÌÝîÿªVxDUfwˆ™ª»ÌÝîÿª"VxUfwˆ™ª»ÌÝîÿª"3Vxfwˆ™ª»ÌÝîÿª"3DVxwˆ™ª»ÌÝîÿª"3DUVxˆ™ª»ÌÝîÿª"3DUfVx™ª»ÌÝîÿª"3DUfwVxª»ÌÝîÿª"3DUfwˆVx»ÌÝîÿª"3DUfwˆ™VxÌÝîÿª"3DUfwˆ™ªVxÝîÿª"3DUfwˆ™ª»Vxîÿª"3DUfwˆ™ª»ÌVxÿª"3DUfwˆ™ª»ÌÝVxª"3DUfwˆ™ª»ÌÝîVx"3DUfwˆ™ª»ÌÝîÿV